\BOOKMARK [1][-]{section.1}{\376\377\121\110\116\206\211\343\217\331\116\052\230\171\166\356}{}% 1
\BOOKMARK [2][-]{subsection.1.1}{\376\377\137\353\220\037\116\206\211\343\116\000\116\013\000\040\000Q\000U\000T}{section.1}% 2
\BOOKMARK [2][-]{subsection.1.2}{\376\377\121\163\116\216\117\140\116\354\166\204\133\146\225\177}{section.1}% 3
\BOOKMARK [2][-]{subsection.1.3}{\376\377\116\055\131\026\124\010\122\236\213\376\172\013}{section.1}% 4
\BOOKMARK [2][-]{subsection.1.4}{\376\377\137\353\220\037\116\206\211\343\116\000\116\013\000\040\000J\000I\000T}{section.1}% 5
\BOOKMARK [3][-]{subsubsection.1.4.1}{\376\377\000J\000I\000T\000\040\133\146\150\041\165\037\155\073\136\070\165\050\177\121\172\331}{subsection.1.4}% 6
\BOOKMARK [3][-]{subsubsection.1.4.2}{\376\377\137\353\220\037\116\206\211\343\116\000\116\233\116\213\230\171}{subsection.1.4}% 7
\BOOKMARK [1][-]{section.2}{\376\377\153\317\133\146\147\037\213\376\172\013}{}% 8
\BOOKMARK [2][-]{subsection.2.1}{\376\377\131\047\116\000\116\012\133\146\147\037}{section.2}% 9
\BOOKMARK [2][-]{subsection.2.2}{\376\377\131\047\116\000\116\013\133\146\147\037}{section.2}% 10
\BOOKMARK [3][-]{subsubsection.2.2.1}{\376\377\126\375\121\205\213\376\172\013}{subsection.2.2}% 11
\BOOKMARK [3][-]{subsubsection.2.2.2}{\376\377\131\026\145\271\213\376\172\013}{subsection.2.2}% 12
\BOOKMARK [2][-]{subsection.2.3}{\376\377\131\047\116\214\116\012\133\146\147\037}{section.2}% 13
\BOOKMARK [3][-]{subsubsection.2.3.1}{\376\377\126\375\121\205\213\376\172\013}{subsection.2.3}% 14
\BOOKMARK [3][-]{subsubsection.2.3.2}{\376\377\131\026\145\271\213\376\172\013}{subsection.2.3}% 15
\BOOKMARK [2][-]{subsection.2.4}{\376\377\131\047\116\214\116\013\133\146\147\037}{section.2}% 16
\BOOKMARK [3][-]{subsubsection.2.4.1}{\376\377\126\375\121\205\213\376\172\013}{subsection.2.4}% 17
\BOOKMARK [3][-]{subsubsection.2.4.2}{\376\377\131\026\145\271\213\376\172\013}{subsection.2.4}% 18
\BOOKMARK [2][-]{subsection.2.5}{\376\377\131\047\116\011\116\012\133\146\147\037}{section.2}% 19
\BOOKMARK [3][-]{subsubsection.2.5.1}{\376\377\126\375\121\205\213\376\172\013}{subsection.2.5}% 20
\BOOKMARK [3][-]{subsubsection.2.5.2}{\376\377\131\026\145\271\213\376\172\013}{subsection.2.5}% 21
\BOOKMARK [2][-]{subsection.2.6}{\376\377\131\047\116\011\116\013\133\146\147\037\000\040\000\050\000G\0002\0003\000\040\123\302\200\003\000\051}{section.2}% 22
\BOOKMARK [3][-]{subsubsection.2.6.1}{\376\377\126\375\121\205\213\376\172\013}{subsection.2.6}% 23
\BOOKMARK [3][-]{subsubsection.2.6.2}{\376\377\131\026\145\271\213\376\172\013}{subsection.2.6}% 24
\BOOKMARK [2][-]{subsection.2.7}{\376\377\173\054\126\333\136\164\000Q\000U\000T\213\376\172\013}{section.2}% 25
\BOOKMARK [3][-]{subsubsection.2.7.1}{\376\377\000I\000T\000\040\121\154\121\161\213\376\172\013}{subsection.2.7}% 26
\BOOKMARK [3][-]{subsubsection.2.7.2}{\376\377\000I\000T\000\040\000M\000i\000n\000o\000r}{subsection.2.7}% 27
\BOOKMARK [1][-]{section.3}{\376\377\000Q\000U\000T\165\037\155\073}{}% 28
\BOOKMARK [2][-]{subsection.3.1}{\376\377\0002\0000\0002\0007\136\164\133\146\147\037\202\202\131\117}{section.3}% 29
\BOOKMARK [2][-]{subsection.3.2}{\376\377\145\345\136\070\165\037\155\073\215\071}{section.3}% 30
\BOOKMARK [2][-]{subsection.3.3}{\376\377\147\072\171\150\230\204\173\227}{section.3}% 31
\BOOKMARK [2][-]{subsection.3.4}{\376\377\000Q\000U\000T\226\104\217\321\117\117\133\277\116\367\150\074}{section.3}% 32
\BOOKMARK [3][-]{subsubsection.3.4.1}{\376\377\133\146\165\037\121\154\133\323\136\070\211\301\142\077\127\213}{subsection.3.4}% 33
\BOOKMARK [3][-]{subsubsection.3.4.2}{\376\377\157\263\155\062\136\070\211\301\136\212\127\213\131\047\134\017}{subsection.3.4}% 34
\BOOKMARK [2][-]{subsection.3.5}{\376\377\165\065\213\335\123\141\000,\000\040\224\366\210\114\123\141\000,\000\040\121\154\116\244\123\141}{section.3}% 35
\BOOKMARK [3][-]{subsubsection.3.5.1}{\376\377\165\065\213\335\123\141}{subsection.3.5}% 36
\BOOKMARK [3][-]{subsubsection.3.5.2}{\376\377\224\366\210\114\123\141}{subsection.3.5}% 37
\BOOKMARK [3][-]{subsubsection.3.5.3}{\376\377\121\154\116\244\123\141}{subsection.3.5}% 38
\BOOKMARK [2][-]{subsection.3.6}{\376\377\116\000\136\164\140\073\230\204\173\227}{section.3}% 39
\BOOKMARK [1][-]{section.4}{\376\377\226\305\140\035\166\370\121\163\166\204\225\356\230\230}{}% 40
\BOOKMARK [2][-]{subsection.4.1}{\376\377\133\230\145\271\121\145\123\343}{section.4}% 41
\BOOKMARK [2][-]{subsection.4.2}{\376\377\121\110\170\156\213\244\201\352\135\361\227\000\211\201\124\352\116\000\171\315\200\003\213\325}{section.4}% 42
\BOOKMARK [2][-]{subsection.4.3}{\376\377\126\333\116\052\220\350\122\006\200\003\116\300\116\110}{section.4}% 43
\BOOKMARK [2][-]{subsection.4.4}{\376\377\122\006\145\160\140\016\116\110\167\013}{section.4}% 44
\BOOKMARK [2][-]{subsection.4.5}{\376\377\140\016\116\110\137\000\131\313\121\306\131\007}{section.4}% 45
\BOOKMARK [3][-]{subsubsection.4.5.1}{\376\377\000G\0002\0004\000\040\217\157\116\366\135\345\172\013\122\030\154\210\146\150\133\146\225\177\176\317\232\214\122\006\116\253\000\040\000\050\226\305\140\035\000\040\0007\000.\0000\000\051}{subsection.4.5}% 46
\BOOKMARK [1][-]{appendix.A}{\376\377\000Q\000U\000T\126\375\226\105\133\146\165\037\133\146\215\071\123\302\200\003}{}% 47
\BOOKMARK [1][-]{appendix.B}{\376\377\000Q\000U\000T\000\040\0002\0000\0002\0007\136\164\133\146\147\057\145\345\123\206}{}% 48
\BOOKMARK [1][-]{appendix.C}{\376\377\146\006\130\353\121\160\135\336\116\016\136\003\221\314\145\257\163\355\127\060\164\006\117\341\140\157}{}% 49
\BOOKMARK [1][-]{appendix.D}{\376\377\000Q\000U\000T\000\040\166\370\121\163\166\204\127\060\126\376}{}% 50
\BOOKMARK [1][-]{appendix.E}{\376\377\221\321\226\165\171\321\142\200\133\146\226\142\000\040\000\050\154\137\133\201\150\041\123\072\000\051\000\040\127\060\126\376}{}% 51
\BOOKMARK [1][-]{appendix.F}{\376\377\147\052\217\276\122\060\213\355\212\000\211\201\154\102\145\366\166\204\213\355\212\000\163\355\213\364\146\016}{}% 52
\BOOKMARK [1][-]{appendix.G}{\376\377\150\041\126\355\215\321\176\306\122\031}{}% 53
\BOOKMARK [1][-]{appendix.H}{\376\377\157\263\155\062\142\077\127\213\116\313\176\315}{}% 54
