\BOOKMARK [1][-]{section.1}{\376\377\121\110\116\206\211\343\217\331\116\052\230\171\166\356}{}% 1
\BOOKMARK [2][-]{subsection.1.1}{\376\377\137\353\220\037\116\206\211\343\116\000\116\013\000Q\000U\000T}{section.1}% 2
\BOOKMARK [2][-]{subsection.1.2}{\376\377\137\353\220\037\116\206\211\343\116\000\116\013\000\040\000J\000I\000T}{section.1}% 3
\BOOKMARK [3][-]{subsubsection.1.2.1}{\376\377\000J\000I\000T\133\146\150\041\165\037\155\073\136\070\165\050\177\121\172\331}{subsection.1.2}% 4
\BOOKMARK [3][-]{subsubsection.1.2.2}{\376\377\137\353\220\037\116\206\211\343\116\000\116\233\116\213\230\171}{subsection.1.2}% 5
\BOOKMARK [1][-]{section.2}{\376\377\122\006\133\146\147\037\213\376\172\013\116\016\145\131\136\010}{}% 6
\BOOKMARK [2][-]{subsection.2.1}{\376\377\131\047\116\000\116\012\133\146\147\037}{section.2}% 7
\BOOKMARK [2][-]{subsection.2.2}{\376\377\131\047\116\000\116\013\133\146\147\037}{section.2}% 8
\BOOKMARK [2][-]{subsection.2.3}{\376\377\131\047\116\214\116\012\133\146\147\037}{section.2}% 9
\BOOKMARK [2][-]{subsection.2.4}{\376\377\131\047\116\214\116\013\133\146\147\037}{section.2}% 10
\BOOKMARK [2][-]{subsection.2.5}{\376\377\131\047\116\011\116\012\133\146\147\037}{section.2}% 11
\BOOKMARK [2][-]{subsection.2.6}{\376\377\131\047\116\011\116\013\133\146\147\037\377\010\000G\0002\0003\000\040\123\302\200\003\377\011}{section.2}% 12
\BOOKMARK [1][-]{section.3}{\376\377\213\376\172\013\133\146\116\140\116\016\145\366\225\364\133\211\143\222}{}% 13
\BOOKMARK [2][-]{subsection.3.1}{\376\377\165\131\141\017\226\306\116\055\143\210\213\376\124\214\133\146\147\037\147\053\133\211\143\222}{section.3}% 14
\BOOKMARK [2][-]{subsection.3.2}{\376\377\116\023\116\032\213\376\134\075\221\317\120\132\122\060\040\034\201\352\135\361\200\375\131\015\163\260\040\035}{section.3}% 15
\BOOKMARK [2][-]{subsection.3.3}{\376\377\202\361\213\355\133\146\116\140\116\016\213\376\172\013\124\014\153\145\143\250\217\333}{section.3}% 16
\BOOKMARK [1][-]{section.4}{\376\377\226\305\140\035\377\032\200\003\116\300\116\110\060\001\140\016\116\110\173\227\122\006\060\001\140\016\116\110\121\306\131\007}{}% 17
\BOOKMARK [2][-]{subsection.4.1}{\376\377\133\230\145\271\121\145\123\343}{section.4}% 18
\BOOKMARK [2][-]{subsection.4.2}{\376\377\121\110\170\156\213\244\201\352\135\361\227\000\211\201\124\352\116\000\171\315\200\003\213\325}{section.4}% 19
\BOOKMARK [2][-]{subsection.4.3}{\376\377\126\333\116\052\220\350\122\006\200\003\116\300\116\110}{section.4}% 20
\BOOKMARK [2][-]{subsection.4.4}{\376\377\122\006\145\160\140\016\116\110\167\013}{section.4}% 21
\BOOKMARK [2][-]{subsection.4.5}{\376\377\140\016\116\110\137\000\131\313\121\306\131\007}{section.4}% 22
\BOOKMARK [1][-]{section.5}{\376\377\145\260\165\037\137\205\122\236\156\005\123\125}{}% 23
\BOOKMARK [1][-]{section.6}{\376\377\220\107\122\060\225\356\230\230\145\366\142\176\214\001}{}% 24
\BOOKMARK [1][-]{appendix.A}{\376\377\146\006\130\353\121\160\135\336\116\016\136\003\221\314\145\257\163\355\127\060\164\006\117\341\140\157}{}% 25
\BOOKMARK [1][-]{appendix.B}{\376\377\221\321\226\165\171\321\142\200\133\146\226\142\000\050\154\137\133\201\150\041\123\072\000\051\127\060\126\376}{}% 26
